// Vitest Snapshot v1, https://vitest.dev/guide/snapshot.html

exports[`<FinanceTeaser /> > should render 1`] = `
<section
  class="plate section"
  data-astro-cid-b3zjniq2=""
  id="rahoitus"
  style="--groundColor: rgb(235, 235, 236);"
>
   
  <div
    class="sheet"
    data-astro-cid-b3zjniq2=""
    style="--groundColor: rgb(235, 235, 236);"
  >
     
    <div
      class="inner"
      data-astro-cid-b3zjniq2=""
      style="--groundColor: rgb(235, 235, 236);"
    >
       
      <span
        class="eyebrow"
        data-astro-cid-2lydxdhj=""
        style="--eyebrowColor: #5B5952;--eyebrowFontFamily: "Big Shoulders Display", "Haettenschweiler", "Arial Narrow", sans-serif;--eyebrowFontSize: 0.9375rem;--eyebrowFontWeight: 700;--eyebrowLetterSpacing: 0.176em;--eyebrowLineHeight: 1.3;"
      >
        Avoimuus
      </span>
       
      <h2
        data-astro-cid-l5ovrsxi=""
        style="--color: rgb(22, 62, 53);--fontFamily: "Big Shoulders Display", "Haettenschweiler", "Arial Narrow", sans-serif;--fontWeight: 900;--letterSpacing: -0.015em;--letterSpacingDesktop: -0.015em;--maxWidth: none;--sizeBase: 48px;--sizeDesktop: 58px;--sizeTablet: 58px;"
      >
        Kuka rahoittaa tämän kampanjan?
      </h2>
        
      <dl
        class="stats"
        data-astro-cid-qqjntedy=""
        style="--columnGap: 1rem;--desktopGap: 2rem;--rowGap: 1.5rem;--sectionPad: 1.5rem;"
      >
         
        <div
          class="stat"
          data-astro-cid-6h6fow7g=""
          style="--colorsForestGreen: rgb(22, 62, 53);--colorsTextSecondary: #4A4E45;--statFontFamily: "Big Shoulders Display", "Haettenschweiler", "Arial Narrow", sans-serif;--statFontSize: 2.25rem;--statFontSizeMobile: 1.875rem;--statFontWeight: 900;--statLetterSpacing: -0.015em;--statNoteFontFamily: "IBM Plex Sans", "Segoe UI", Helvetica, Arial, sans-serif;--statNoteFontSize: 0.9375rem;"
        >
           
          <dt
            data-astro-cid-6h6fow7g=""
            style="--colorsForestGreen: rgb(22, 62, 53);--colorsTextSecondary: #4A4E45;--statFontFamily: "Big Shoulders Display", "Haettenschweiler", "Arial Narrow", sans-serif;--statFontSize: 2.25rem;--statFontSizeMobile: 1.875rem;--statFontWeight: 900;--statLetterSpacing: -0.015em;--statNoteFontFamily: "IBM Plex Sans", "Segoe UI", Helvetica, Arial, sans-serif;--statNoteFontSize: 0.9375rem;"
          >
            <span
              class="eyebrow"
              data-astro-cid-2lydxdhj=""
              style="--eyebrowColor: #5B5952;--eyebrowFontFamily: "Big Shoulders Display", "Haettenschweiler", "Arial Narrow", sans-serif;--eyebrowFontSize: 0.9375rem;--eyebrowFontWeight: 700;--eyebrowLetterSpacing: 0.176em;--eyebrowLineHeight: 1.3;"
            >
              Kampanjabudjetti
            </span>
          </dt>
           
          <dd
            data-astro-cid-6h6fow7g=""
            style="--colorsForestGreen: rgb(22, 62, 53);--colorsTextSecondary: #4A4E45;--statFontFamily: "Big Shoulders Display", "Haettenschweiler", "Arial Narrow", sans-serif;--statFontSize: 2.25rem;--statFontSizeMobile: 1.875rem;--statFontWeight: 900;--statLetterSpacing: -0.015em;--statNoteFontFamily: "IBM Plex Sans", "Segoe UI", Helvetica, Arial, sans-serif;--statNoteFontSize: 0.9375rem;"
          >
            45 000 €
          </dd>
           
        </div>
        <div
          class="stat"
          data-astro-cid-6h6fow7g=""
          style="--colorsForestGreen: rgb(22, 62, 53);--colorsTextSecondary: #4A4E45;--statFontFamily: "Big Shoulders Display", "Haettenschweiler", "Arial Narrow", sans-serif;--statFontSize: 2.25rem;--statFontSizeMobile: 1.875rem;--statFontWeight: 900;--statLetterSpacing: -0.015em;--statNoteFontFamily: "IBM Plex Sans", "Segoe UI", Helvetica, Arial, sans-serif;--statNoteFontSize: 0.9375rem;"
        >
           
          <dt
            data-astro-cid-6h6fow7g=""
            style="--colorsForestGreen: rgb(22, 62, 53);--colorsTextSecondary: #4A4E45;--statFontFamily: "Big Shoulders Display", "Haettenschweiler", "Arial Narrow", sans-serif;--statFontSize: 2.25rem;--statFontSizeMobile: 1.875rem;--statFontWeight: 900;--statLetterSpacing: -0.015em;--statNoteFontFamily: "IBM Plex Sans", "Segoe UI", Helvetica, Arial, sans-serif;--statNoteFontSize: 0.9375rem;"
          >
            <span
              class="eyebrow"
              data-astro-cid-2lydxdhj=""
              style="--eyebrowColor: #5B5952;--eyebrowFontFamily: "Big Shoulders Display", "Haettenschweiler", "Arial Narrow", sans-serif;--eyebrowFontSize: 0.9375rem;--eyebrowFontWeight: 700;--eyebrowLetterSpacing: 0.176em;--eyebrowLineHeight: 1.3;"
            >
              Kerätty
            </span>
          </dt>
           
          <dd
            data-astro-cid-6h6fow7g=""
            style="--colorsForestGreen: rgb(22, 62, 53);--colorsTextSecondary: #4A4E45;--statFontFamily: "Big Shoulders Display", "Haettenschweiler", "Arial Narrow", sans-serif;--statFontSize: 2.25rem;--statFontSizeMobile: 1.875rem;--statFontWeight: 900;--statLetterSpacing: -0.015em;--statNoteFontFamily: "IBM Plex Sans", "Segoe UI", Helvetica, Arial, sans-serif;--statNoteFontSize: 0.9375rem;"
          >
            1 779 €
          </dd>
           
        </div>
        <div
          class="stat"
          data-astro-cid-6h6fow7g=""
          style="--colorsForestGreen: rgb(22, 62, 53);--colorsTextSecondary: #4A4E45;--statFontFamily: "Big Shoulders Display", "Haettenschweiler", "Arial Narrow", sans-serif;--statFontSize: 2.25rem;--statFontSizeMobile: 1.875rem;--statFontWeight: 900;--statLetterSpacing: -0.015em;--statNoteFontFamily: "IBM Plex Sans", "Segoe UI", Helvetica, Arial, sans-serif;--statNoteFontSize: 0.9375rem;"
        >
           
          <dt
            data-astro-cid-6h6fow7g=""
            style="--colorsForestGreen: rgb(22, 62, 53);--colorsTextSecondary: #4A4E45;--statFontFamily: "Big Shoulders Display", "Haettenschweiler", "Arial Narrow", sans-serif;--statFontSize: 2.25rem;--statFontSizeMobile: 1.875rem;--statFontWeight: 900;--statLetterSpacing: -0.015em;--statNoteFontFamily: "IBM Plex Sans", "Segoe UI", Helvetica, Arial, sans-serif;--statNoteFontSize: 0.9375rem;"
          >
            <span
              class="eyebrow"
              data-astro-cid-2lydxdhj=""
              style="--eyebrowColor: #5B5952;--eyebrowFontFamily: "Big Shoulders Display", "Haettenschweiler", "Arial Narrow", sans-serif;--eyebrowFontSize: 0.9375rem;--eyebrowFontWeight: 700;--eyebrowLetterSpacing: 0.176em;--eyebrowLineHeight: 1.3;"
            >
              Oma sitoumukseni
            </span>
          </dt>
           
          <dd
            data-astro-cid-6h6fow7g=""
            style="--colorsForestGreen: rgb(22, 62, 53);--colorsTextSecondary: #4A4E45;--statFontFamily: "Big Shoulders Display", "Haettenschweiler", "Arial Narrow", sans-serif;--statFontSize: 2.25rem;--statFontSizeMobile: 1.875rem;--statFontWeight: 900;--statLetterSpacing: -0.015em;--statNoteFontFamily: "IBM Plex Sans", "Segoe UI", Helvetica, Arial, sans-serif;--statNoteFontSize: 0.9375rem;"
          >
            8 221 €
          </dd>
           
        </div>
        <div
          class="stat"
          data-astro-cid-6h6fow7g=""
          style="--colorsForestGreen: rgb(22, 62, 53);--colorsTextSecondary: #4A4E45;--statFontFamily: "Big Shoulders Display", "Haettenschweiler", "Arial Narrow", sans-serif;--statFontSize: 2.25rem;--statFontSizeMobile: 1.875rem;--statFontWeight: 900;--statLetterSpacing: -0.015em;--statNoteFontFamily: "IBM Plex Sans", "Segoe UI", Helvetica, Arial, sans-serif;--statNoteFontSize: 0.9375rem;"
        >
           
          <dt
            data-astro-cid-6h6fow7g=""
            style="--colorsForestGreen: rgb(22, 62, 53);--colorsTextSecondary: #4A4E45;--statFontFamily: "Big Shoulders Display", "Haettenschweiler", "Arial Narrow", sans-serif;--statFontSize: 2.25rem;--statFontSizeMobile: 1.875rem;--statFontWeight: 900;--statLetterSpacing: -0.015em;--statNoteFontFamily: "IBM Plex Sans", "Segoe UI", Helvetica, Arial, sans-serif;--statNoteFontSize: 0.9375rem;"
          >
            <span
              class="eyebrow"
              data-astro-cid-2lydxdhj=""
              style="--eyebrowColor: #5B5952;--eyebrowFontFamily: "Big Shoulders Display", "Haettenschweiler", "Arial Narrow", sans-serif;--eyebrowFontSize: 0.9375rem;--eyebrowFontWeight: 700;--eyebrowLetterSpacing: 0.176em;--eyebrowLineHeight: 1.3;"
            >
              Vielä kerättävä
            </span>
          </dt>
           
          <dd
            data-astro-cid-6h6fow7g=""
            style="--colorsForestGreen: rgb(22, 62, 53);--colorsTextSecondary: #4A4E45;--statFontFamily: "Big Shoulders Display", "Haettenschweiler", "Arial Narrow", sans-serif;--statFontSize: 2.25rem;--statFontSizeMobile: 1.875rem;--statFontWeight: 900;--statLetterSpacing: -0.015em;--statNoteFontFamily: "IBM Plex Sans", "Segoe UI", Helvetica, Arial, sans-serif;--statNoteFontSize: 0.9375rem;"
          >
            35 000 €
            <span
              class="note"
              data-astro-cid-6h6fow7g=""
              style="--colorsForestGreen: rgb(22, 62, 53);--colorsTextSecondary: #4A4E45;--statFontFamily: "Big Shoulders Display", "Haettenschweiler", "Arial Narrow", sans-serif;--statFontSize: 2.25rem;--statFontSizeMobile: 1.875rem;--statFontWeight: 900;--statLetterSpacing: -0.015em;--statNoteFontFamily: "IBM Plex Sans", "Segoe UI", Helvetica, Arial, sans-serif;--statNoteFontSize: 0.9375rem;"
            >
              Tilanne 26.9.2026
            </span>
          </dd>
           
        </div>
         
      </dl>
       
      <p
        class="foot"
        data-astro-cid-h7re773q=""
      >
         
        <a
          class="link-rule"
          data-astro-cid-h7re773q=""
          href="/fi/eduskuntavaalit/vaalirahoitus/"
        >
          Katso kampanjan rahoitus
        </a>
         
      </p>
        
    </div>
     
  </div>
   
</section>
`;
