// Vitest Snapshot v1, https://vitest.dev/guide/snapshot.html

exports[`<FinanceStack /> > should render 1`] = `
<figure
  class="stack"
  data-astro-cid-hvjct2tw=""
  style="--barHeight: 1.75rem;--captionFontFamily: "IBM Plex Sans", "Segoe UI", Helvetica, Arial, sans-serif;--captionFontSize: 1.1875rem;--captionFontWeight: 600;--captionPad: 1rem;--colorsForestGreen: rgb(22, 62, 53);--colorsForestGreen70: rgba(22, 62, 53, 0.7);--colorsTextPrimary: #1B211C;--colorsTextSecondary: #4A4E45;--figuresFontSize: 1.0625rem;--figuresFontWeight: 700;--labelFontFamily: "IBM Plex Sans", "Segoe UI", Helvetica, Arial, sans-serif;--labelFontSize: 1.0625rem;--legendPad: 1.25rem;--legendWidth: 35rem;--sectionPad: 1.5rem;--shareFontFamily: "Big Shoulders Display", "Haettenschweiler", "Arial Narrow", sans-serif;--swatchSize: 0.875rem;"
>
   
  <figcaption
    data-astro-cid-hvjct2tw=""
    style="--barHeight: 1.75rem;--captionFontFamily: "IBM Plex Sans", "Segoe UI", Helvetica, Arial, sans-serif;--captionFontSize: 1.1875rem;--captionFontWeight: 600;--captionPad: 1rem;--colorsForestGreen: rgb(22, 62, 53);--colorsForestGreen70: rgba(22, 62, 53, 0.7);--colorsTextPrimary: #1B211C;--colorsTextSecondary: #4A4E45;--figuresFontSize: 1.0625rem;--figuresFontWeight: 700;--labelFontFamily: "IBM Plex Sans", "Segoe UI", Helvetica, Arial, sans-serif;--labelFontSize: 1.0625rem;--legendPad: 1.25rem;--legendWidth: 35rem;--sectionPad: 1.5rem;--shareFontFamily: "Big Shoulders Display", "Haettenschweiler", "Arial Narrow", sans-serif;--swatchSize: 0.875rem;"
  >
    Mistä rahat tulevat?
  </figcaption>
   
  <div
    aria-hidden="true"
    class="bar"
    data-astro-cid-hvjct2tw=""
    style="--barHeight: 1.75rem;--captionFontFamily: "IBM Plex Sans", "Segoe UI", Helvetica, Arial, sans-serif;--captionFontSize: 1.1875rem;--captionFontWeight: 600;--captionPad: 1rem;--colorsForestGreen: rgb(22, 62, 53);--colorsForestGreen70: rgba(22, 62, 53, 0.7);--colorsTextPrimary: #1B211C;--colorsTextSecondary: #4A4E45;--figuresFontSize: 1.0625rem;--figuresFontWeight: 700;--labelFontFamily: "IBM Plex Sans", "Segoe UI", Helvetica, Arial, sans-serif;--labelFontSize: 1.0625rem;--legendPad: 1.25rem;--legendWidth: 35rem;--sectionPad: 1.5rem;--shareFontFamily: "Big Shoulders Display", "Haettenschweiler", "Arial Narrow", sans-serif;--swatchSize: 0.875rem;"
  >
     
    <div
      class="seg"
      data-astro-cid-hvjct2tw=""
      style="--tone: #006845; flex: 10000 1 0%; --barHeight: 1.75rem;--captionFontFamily: "IBM Plex Sans", "Segoe UI", Helvetica, Arial, sans-serif;--captionFontSize: 1.1875rem;--captionFontWeight: 600;--captionPad: 1rem;--colorsForestGreen: rgb(22, 62, 53);--colorsForestGreen70: rgba(22, 62, 53, 0.7);--colorsTextPrimary: #1B211C;--colorsTextSecondary: #4A4E45;--figuresFontSize: 1.0625rem;--figuresFontWeight: 700;--labelFontFamily: "IBM Plex Sans", "Segoe UI", Helvetica, Arial, sans-serif;--labelFontSize: 1.0625rem;--legendPad: 1.25rem;--legendWidth: 35rem;--sectionPad: 1.5rem;--shareFontFamily: "Big Shoulders Display", "Haettenschweiler", "Arial Narrow", sans-serif;--swatchSize: 0.875rem;"
    />
    <div
      class="seg seg--needed"
      data-astro-cid-hvjct2tw=""
      style="--tone: rgb(214, 210, 196); flex: 20000 1 0%; --barHeight: 1.75rem;--captionFontFamily: "IBM Plex Sans", "Segoe UI", Helvetica, Arial, sans-serif;--captionFontSize: 1.1875rem;--captionFontWeight: 600;--captionPad: 1rem;--colorsForestGreen: rgb(22, 62, 53);--colorsForestGreen70: rgba(22, 62, 53, 0.7);--colorsTextPrimary: #1B211C;--colorsTextSecondary: #4A4E45;--figuresFontSize: 1.0625rem;--figuresFontWeight: 700;--labelFontFamily: "IBM Plex Sans", "Segoe UI", Helvetica, Arial, sans-serif;--labelFontSize: 1.0625rem;--legendPad: 1.25rem;--legendWidth: 35rem;--sectionPad: 1.5rem;--shareFontFamily: "Big Shoulders Display", "Haettenschweiler", "Arial Narrow", sans-serif;--swatchSize: 0.875rem;"
    />
     
  </div>
   
  <ul
    class="legend"
    data-astro-cid-hvjct2tw=""
    style="--barHeight: 1.75rem;--captionFontFamily: "IBM Plex Sans", "Segoe UI", Helvetica, Arial, sans-serif;--captionFontSize: 1.1875rem;--captionFontWeight: 600;--captionPad: 1rem;--colorsForestGreen: rgb(22, 62, 53);--colorsForestGreen70: rgba(22, 62, 53, 0.7);--colorsTextPrimary: #1B211C;--colorsTextSecondary: #4A4E45;--figuresFontSize: 1.0625rem;--figuresFontWeight: 700;--labelFontFamily: "IBM Plex Sans", "Segoe UI", Helvetica, Arial, sans-serif;--labelFontSize: 1.0625rem;--legendPad: 1.25rem;--legendWidth: 35rem;--sectionPad: 1.5rem;--shareFontFamily: "Big Shoulders Display", "Haettenschweiler", "Arial Narrow", sans-serif;--swatchSize: 0.875rem;"
  >
     
    <li
      class="item"
      data-astro-cid-hvjct2tw=""
      style="--barHeight: 1.75rem;--captionFontFamily: "IBM Plex Sans", "Segoe UI", Helvetica, Arial, sans-serif;--captionFontSize: 1.1875rem;--captionFontWeight: 600;--captionPad: 1rem;--colorsForestGreen: rgb(22, 62, 53);--colorsForestGreen70: rgba(22, 62, 53, 0.7);--colorsTextPrimary: #1B211C;--colorsTextSecondary: #4A4E45;--figuresFontSize: 1.0625rem;--figuresFontWeight: 700;--labelFontFamily: "IBM Plex Sans", "Segoe UI", Helvetica, Arial, sans-serif;--labelFontSize: 1.0625rem;--legendPad: 1.25rem;--legendWidth: 35rem;--sectionPad: 1.5rem;--shareFontFamily: "Big Shoulders Display", "Haettenschweiler", "Arial Narrow", sans-serif;--swatchSize: 0.875rem;"
    >
       
      <span
        aria-hidden="true"
        class="swatch"
        data-astro-cid-hvjct2tw=""
        style="--tone: #006845; --barHeight: 1.75rem;--captionFontFamily: "IBM Plex Sans", "Segoe UI", Helvetica, Arial, sans-serif;--captionFontSize: 1.1875rem;--captionFontWeight: 600;--captionPad: 1rem;--colorsForestGreen: rgb(22, 62, 53);--colorsForestGreen70: rgba(22, 62, 53, 0.7);--colorsTextPrimary: #1B211C;--colorsTextSecondary: #4A4E45;--figuresFontSize: 1.0625rem;--figuresFontWeight: 700;--labelFontFamily: "IBM Plex Sans", "Segoe UI", Helvetica, Arial, sans-serif;--labelFontSize: 1.0625rem;--legendPad: 1.25rem;--legendWidth: 35rem;--sectionPad: 1.5rem;--shareFontFamily: "Big Shoulders Display", "Haettenschweiler", "Arial Narrow", sans-serif;--swatchSize: 0.875rem;"
      />
       
      <span
        class="name"
        data-astro-cid-hvjct2tw=""
        style="--barHeight: 1.75rem;--captionFontFamily: "IBM Plex Sans", "Segoe UI", Helvetica, Arial, sans-serif;--captionFontSize: 1.1875rem;--captionFontWeight: 600;--captionPad: 1rem;--colorsForestGreen: rgb(22, 62, 53);--colorsForestGreen70: rgba(22, 62, 53, 0.7);--colorsTextPrimary: #1B211C;--colorsTextSecondary: #4A4E45;--figuresFontSize: 1.0625rem;--figuresFontWeight: 700;--labelFontFamily: "IBM Plex Sans", "Segoe UI", Helvetica, Arial, sans-serif;--labelFontSize: 1.0625rem;--legendPad: 1.25rem;--legendWidth: 35rem;--sectionPad: 1.5rem;--shareFontFamily: "Big Shoulders Display", "Haettenschweiler", "Arial Narrow", sans-serif;--swatchSize: 0.875rem;"
      >
        Omat varat
      </span>
       
      <span
        class="figures"
        data-astro-cid-hvjct2tw=""
        style="--barHeight: 1.75rem;--captionFontFamily: "IBM Plex Sans", "Segoe UI", Helvetica, Arial, sans-serif;--captionFontSize: 1.1875rem;--captionFontWeight: 600;--captionPad: 1rem;--colorsForestGreen: rgb(22, 62, 53);--colorsForestGreen70: rgba(22, 62, 53, 0.7);--colorsTextPrimary: #1B211C;--colorsTextSecondary: #4A4E45;--figuresFontSize: 1.0625rem;--figuresFontWeight: 700;--labelFontFamily: "IBM Plex Sans", "Segoe UI", Helvetica, Arial, sans-serif;--labelFontSize: 1.0625rem;--legendPad: 1.25rem;--legendWidth: 35rem;--sectionPad: 1.5rem;--shareFontFamily: "Big Shoulders Display", "Haettenschweiler", "Arial Narrow", sans-serif;--swatchSize: 0.875rem;"
      >
         10 000 € 
        <span
          class="share"
          data-astro-cid-hvjct2tw=""
          style="--barHeight: 1.75rem;--captionFontFamily: "IBM Plex Sans", "Segoe UI", Helvetica, Arial, sans-serif;--captionFontSize: 1.1875rem;--captionFontWeight: 600;--captionPad: 1rem;--colorsForestGreen: rgb(22, 62, 53);--colorsForestGreen70: rgba(22, 62, 53, 0.7);--colorsTextPrimary: #1B211C;--colorsTextSecondary: #4A4E45;--figuresFontSize: 1.0625rem;--figuresFontWeight: 700;--labelFontFamily: "IBM Plex Sans", "Segoe UI", Helvetica, Arial, sans-serif;--labelFontSize: 1.0625rem;--legendPad: 1.25rem;--legendWidth: 35rem;--sectionPad: 1.5rem;--shareFontFamily: "Big Shoulders Display", "Haettenschweiler", "Arial Narrow", sans-serif;--swatchSize: 0.875rem;"
        >
          33,3 %
        </span>
         
      </span>
       
    </li>
    <li
      class="item"
      data-astro-cid-hvjct2tw=""
      style="--barHeight: 1.75rem;--captionFontFamily: "IBM Plex Sans", "Segoe UI", Helvetica, Arial, sans-serif;--captionFontSize: 1.1875rem;--captionFontWeight: 600;--captionPad: 1rem;--colorsForestGreen: rgb(22, 62, 53);--colorsForestGreen70: rgba(22, 62, 53, 0.7);--colorsTextPrimary: #1B211C;--colorsTextSecondary: #4A4E45;--figuresFontSize: 1.0625rem;--figuresFontWeight: 700;--labelFontFamily: "IBM Plex Sans", "Segoe UI", Helvetica, Arial, sans-serif;--labelFontSize: 1.0625rem;--legendPad: 1.25rem;--legendWidth: 35rem;--sectionPad: 1.5rem;--shareFontFamily: "Big Shoulders Display", "Haettenschweiler", "Arial Narrow", sans-serif;--swatchSize: 0.875rem;"
    >
       
      <span
        aria-hidden="true"
        class="swatch"
        data-astro-cid-hvjct2tw=""
        style="--tone: rgb(72, 75, 0); --barHeight: 1.75rem;--captionFontFamily: "IBM Plex Sans", "Segoe UI", Helvetica, Arial, sans-serif;--captionFontSize: 1.1875rem;--captionFontWeight: 600;--captionPad: 1rem;--colorsForestGreen: rgb(22, 62, 53);--colorsForestGreen70: rgba(22, 62, 53, 0.7);--colorsTextPrimary: #1B211C;--colorsTextSecondary: #4A4E45;--figuresFontSize: 1.0625rem;--figuresFontWeight: 700;--labelFontFamily: "IBM Plex Sans", "Segoe UI", Helvetica, Arial, sans-serif;--labelFontSize: 1.0625rem;--legendPad: 1.25rem;--legendWidth: 35rem;--sectionPad: 1.5rem;--shareFontFamily: "Big Shoulders Display", "Haettenschweiler", "Arial Narrow", sans-serif;--swatchSize: 0.875rem;"
      />
       
      <span
        class="name"
        data-astro-cid-hvjct2tw=""
        style="--barHeight: 1.75rem;--captionFontFamily: "IBM Plex Sans", "Segoe UI", Helvetica, Arial, sans-serif;--captionFontSize: 1.1875rem;--captionFontWeight: 600;--captionPad: 1rem;--colorsForestGreen: rgb(22, 62, 53);--colorsForestGreen70: rgba(22, 62, 53, 0.7);--colorsTextPrimary: #1B211C;--colorsTextSecondary: #4A4E45;--figuresFontSize: 1.0625rem;--figuresFontWeight: 700;--labelFontFamily: "IBM Plex Sans", "Segoe UI", Helvetica, Arial, sans-serif;--labelFontSize: 1.0625rem;--legendPad: 1.25rem;--legendWidth: 35rem;--sectionPad: 1.5rem;--shareFontFamily: "Big Shoulders Display", "Haettenschweiler", "Arial Narrow", sans-serif;--swatchSize: 0.875rem;"
      >
        Lainat
      </span>
       
      <span
        class="figures"
        data-astro-cid-hvjct2tw=""
        style="--barHeight: 1.75rem;--captionFontFamily: "IBM Plex Sans", "Segoe UI", Helvetica, Arial, sans-serif;--captionFontSize: 1.1875rem;--captionFontWeight: 600;--captionPad: 1rem;--colorsForestGreen: rgb(22, 62, 53);--colorsForestGreen70: rgba(22, 62, 53, 0.7);--colorsTextPrimary: #1B211C;--colorsTextSecondary: #4A4E45;--figuresFontSize: 1.0625rem;--figuresFontWeight: 700;--labelFontFamily: "IBM Plex Sans", "Segoe UI", Helvetica, Arial, sans-serif;--labelFontSize: 1.0625rem;--legendPad: 1.25rem;--legendWidth: 35rem;--sectionPad: 1.5rem;--shareFontFamily: "Big Shoulders Display", "Haettenschweiler", "Arial Narrow", sans-serif;--swatchSize: 0.875rem;"
      >
         0 € 
        <span
          class="share"
          data-astro-cid-hvjct2tw=""
          style="--barHeight: 1.75rem;--captionFontFamily: "IBM Plex Sans", "Segoe UI", Helvetica, Arial, sans-serif;--captionFontSize: 1.1875rem;--captionFontWeight: 600;--captionPad: 1rem;--colorsForestGreen: rgb(22, 62, 53);--colorsForestGreen70: rgba(22, 62, 53, 0.7);--colorsTextPrimary: #1B211C;--colorsTextSecondary: #4A4E45;--figuresFontSize: 1.0625rem;--figuresFontWeight: 700;--labelFontFamily: "IBM Plex Sans", "Segoe UI", Helvetica, Arial, sans-serif;--labelFontSize: 1.0625rem;--legendPad: 1.25rem;--legendWidth: 35rem;--sectionPad: 1.5rem;--shareFontFamily: "Big Shoulders Display", "Haettenschweiler", "Arial Narrow", sans-serif;--swatchSize: 0.875rem;"
        >
          0,0 %
        </span>
         
      </span>
       
    </li>
    <li
      class="item"
      data-astro-cid-hvjct2tw=""
      style="--barHeight: 1.75rem;--captionFontFamily: "IBM Plex Sans", "Segoe UI", Helvetica, Arial, sans-serif;--captionFontSize: 1.1875rem;--captionFontWeight: 600;--captionPad: 1rem;--colorsForestGreen: rgb(22, 62, 53);--colorsForestGreen70: rgba(22, 62, 53, 0.7);--colorsTextPrimary: #1B211C;--colorsTextSecondary: #4A4E45;--figuresFontSize: 1.0625rem;--figuresFontWeight: 700;--labelFontFamily: "IBM Plex Sans", "Segoe UI", Helvetica, Arial, sans-serif;--labelFontSize: 1.0625rem;--legendPad: 1.25rem;--legendWidth: 35rem;--sectionPad: 1.5rem;--shareFontFamily: "Big Shoulders Display", "Haettenschweiler", "Arial Narrow", sans-serif;--swatchSize: 0.875rem;"
    >
       
      <span
        aria-hidden="true"
        class="swatch"
        data-astro-cid-hvjct2tw=""
        style="--tone: #009639; --barHeight: 1.75rem;--captionFontFamily: "IBM Plex Sans", "Segoe UI", Helvetica, Arial, sans-serif;--captionFontSize: 1.1875rem;--captionFontWeight: 600;--captionPad: 1rem;--colorsForestGreen: rgb(22, 62, 53);--colorsForestGreen70: rgba(22, 62, 53, 0.7);--colorsTextPrimary: #1B211C;--colorsTextSecondary: #4A4E45;--figuresFontSize: 1.0625rem;--figuresFontWeight: 700;--labelFontFamily: "IBM Plex Sans", "Segoe UI", Helvetica, Arial, sans-serif;--labelFontSize: 1.0625rem;--legendPad: 1.25rem;--legendWidth: 35rem;--sectionPad: 1.5rem;--shareFontFamily: "Big Shoulders Display", "Haettenschweiler", "Arial Narrow", sans-serif;--swatchSize: 0.875rem;"
      />
       
      <span
        class="name"
        data-astro-cid-hvjct2tw=""
        style="--barHeight: 1.75rem;--captionFontFamily: "IBM Plex Sans", "Segoe UI", Helvetica, Arial, sans-serif;--captionFontSize: 1.1875rem;--captionFontWeight: 600;--captionPad: 1rem;--colorsForestGreen: rgb(22, 62, 53);--colorsForestGreen70: rgba(22, 62, 53, 0.7);--colorsTextPrimary: #1B211C;--colorsTextSecondary: #4A4E45;--figuresFontSize: 1.0625rem;--figuresFontWeight: 700;--labelFontFamily: "IBM Plex Sans", "Segoe UI", Helvetica, Arial, sans-serif;--labelFontSize: 1.0625rem;--legendPad: 1.25rem;--legendWidth: 35rem;--sectionPad: 1.5rem;--shareFontFamily: "Big Shoulders Display", "Haettenschweiler", "Arial Narrow", sans-serif;--swatchSize: 0.875rem;"
      >
        Yksityishenkilöt
      </span>
       
      <span
        class="figures"
        data-astro-cid-hvjct2tw=""
        style="--barHeight: 1.75rem;--captionFontFamily: "IBM Plex Sans", "Segoe UI", Helvetica, Arial, sans-serif;--captionFontSize: 1.1875rem;--captionFontWeight: 600;--captionPad: 1rem;--colorsForestGreen: rgb(22, 62, 53);--colorsForestGreen70: rgba(22, 62, 53, 0.7);--colorsTextPrimary: #1B211C;--colorsTextSecondary: #4A4E45;--figuresFontSize: 1.0625rem;--figuresFontWeight: 700;--labelFontFamily: "IBM Plex Sans", "Segoe UI", Helvetica, Arial, sans-serif;--labelFontSize: 1.0625rem;--legendPad: 1.25rem;--legendWidth: 35rem;--sectionPad: 1.5rem;--shareFontFamily: "Big Shoulders Display", "Haettenschweiler", "Arial Narrow", sans-serif;--swatchSize: 0.875rem;"
      >
         0 € 
        <span
          class="share"
          data-astro-cid-hvjct2tw=""
          style="--barHeight: 1.75rem;--captionFontFamily: "IBM Plex Sans", "Segoe UI", Helvetica, Arial, sans-serif;--captionFontSize: 1.1875rem;--captionFontWeight: 600;--captionPad: 1rem;--colorsForestGreen: rgb(22, 62, 53);--colorsForestGreen70: rgba(22, 62, 53, 0.7);--colorsTextPrimary: #1B211C;--colorsTextSecondary: #4A4E45;--figuresFontSize: 1.0625rem;--figuresFontWeight: 700;--labelFontFamily: "IBM Plex Sans", "Segoe UI", Helvetica, Arial, sans-serif;--labelFontSize: 1.0625rem;--legendPad: 1.25rem;--legendWidth: 35rem;--sectionPad: 1.5rem;--shareFontFamily: "Big Shoulders Display", "Haettenschweiler", "Arial Narrow", sans-serif;--swatchSize: 0.875rem;"
        >
          0,0 %
        </span>
         
      </span>
       
    </li>
    <li
      class="item"
      data-astro-cid-hvjct2tw=""
      style="--barHeight: 1.75rem;--captionFontFamily: "IBM Plex Sans", "Segoe UI", Helvetica, Arial, sans-serif;--captionFontSize: 1.1875rem;--captionFontWeight: 600;--captionPad: 1rem;--colorsForestGreen: rgb(22, 62, 53);--colorsForestGreen70: rgba(22, 62, 53, 0.7);--colorsTextPrimary: #1B211C;--colorsTextSecondary: #4A4E45;--figuresFontSize: 1.0625rem;--figuresFontWeight: 700;--labelFontFamily: "IBM Plex Sans", "Segoe UI", Helvetica, Arial, sans-serif;--labelFontSize: 1.0625rem;--legendPad: 1.25rem;--legendWidth: 35rem;--sectionPad: 1.5rem;--shareFontFamily: "Big Shoulders Display", "Haettenschweiler", "Arial Narrow", sans-serif;--swatchSize: 0.875rem;"
    >
       
      <span
        aria-hidden="true"
        class="swatch swatch--needed"
        data-astro-cid-hvjct2tw=""
        style="--tone: rgb(214, 210, 196); --barHeight: 1.75rem;--captionFontFamily: "IBM Plex Sans", "Segoe UI", Helvetica, Arial, sans-serif;--captionFontSize: 1.1875rem;--captionFontWeight: 600;--captionPad: 1rem;--colorsForestGreen: rgb(22, 62, 53);--colorsForestGreen70: rgba(22, 62, 53, 0.7);--colorsTextPrimary: #1B211C;--colorsTextSecondary: #4A4E45;--figuresFontSize: 1.0625rem;--figuresFontWeight: 700;--labelFontFamily: "IBM Plex Sans", "Segoe UI", Helvetica, Arial, sans-serif;--labelFontSize: 1.0625rem;--legendPad: 1.25rem;--legendWidth: 35rem;--sectionPad: 1.5rem;--shareFontFamily: "Big Shoulders Display", "Haettenschweiler", "Arial Narrow", sans-serif;--swatchSize: 0.875rem;"
      />
       
      <span
        class="name"
        data-astro-cid-hvjct2tw=""
        style="--barHeight: 1.75rem;--captionFontFamily: "IBM Plex Sans", "Segoe UI", Helvetica, Arial, sans-serif;--captionFontSize: 1.1875rem;--captionFontWeight: 600;--captionPad: 1rem;--colorsForestGreen: rgb(22, 62, 53);--colorsForestGreen70: rgba(22, 62, 53, 0.7);--colorsTextPrimary: #1B211C;--colorsTextSecondary: #4A4E45;--figuresFontSize: 1.0625rem;--figuresFontWeight: 700;--labelFontFamily: "IBM Plex Sans", "Segoe UI", Helvetica, Arial, sans-serif;--labelFontSize: 1.0625rem;--legendPad: 1.25rem;--legendWidth: 35rem;--sectionPad: 1.5rem;--shareFontFamily: "Big Shoulders Display", "Haettenschweiler", "Arial Narrow", sans-serif;--swatchSize: 0.875rem;"
      >
        Vielä kerättävä
      </span>
       
      <span
        class="figures"
        data-astro-cid-hvjct2tw=""
        style="--barHeight: 1.75rem;--captionFontFamily: "IBM Plex Sans", "Segoe UI", Helvetica, Arial, sans-serif;--captionFontSize: 1.1875rem;--captionFontWeight: 600;--captionPad: 1rem;--colorsForestGreen: rgb(22, 62, 53);--colorsForestGreen70: rgba(22, 62, 53, 0.7);--colorsTextPrimary: #1B211C;--colorsTextSecondary: #4A4E45;--figuresFontSize: 1.0625rem;--figuresFontWeight: 700;--labelFontFamily: "IBM Plex Sans", "Segoe UI", Helvetica, Arial, sans-serif;--labelFontSize: 1.0625rem;--legendPad: 1.25rem;--legendWidth: 35rem;--sectionPad: 1.5rem;--shareFontFamily: "Big Shoulders Display", "Haettenschweiler", "Arial Narrow", sans-serif;--swatchSize: 0.875rem;"
      >
         20 000 € 
        <span
          class="share"
          data-astro-cid-hvjct2tw=""
          style="--barHeight: 1.75rem;--captionFontFamily: "IBM Plex Sans", "Segoe UI", Helvetica, Arial, sans-serif;--captionFontSize: 1.1875rem;--captionFontWeight: 600;--captionPad: 1rem;--colorsForestGreen: rgb(22, 62, 53);--colorsForestGreen70: rgba(22, 62, 53, 0.7);--colorsTextPrimary: #1B211C;--colorsTextSecondary: #4A4E45;--figuresFontSize: 1.0625rem;--figuresFontWeight: 700;--labelFontFamily: "IBM Plex Sans", "Segoe UI", Helvetica, Arial, sans-serif;--labelFontSize: 1.0625rem;--legendPad: 1.25rem;--legendWidth: 35rem;--sectionPad: 1.5rem;--shareFontFamily: "Big Shoulders Display", "Haettenschweiler", "Arial Narrow", sans-serif;--swatchSize: 0.875rem;"
        >
          66,7 %
        </span>
         
      </span>
       
    </li>
     
  </ul>
   
</figure>
`;
