// Vitest Snapshot v1, https://vitest.dev/guide/snapshot.html

exports[`<Excerpt /> > should render 1`] = `
<li
  data-astro-cid-tmtughiq=""
  style="--metaFontFamily: "Big Shoulders Display", "Haettenschweiler", "Arial Narrow", sans-serif;--metaFontWeight: 700;--metaLetterSpacing: 0.137em;--metaLineHeight: 1.3;"
>
   
  <article
    aria-label="Test Article"
    data-astro-cid-tmtughiq=""
    itemscope=""
    itemtype="https://schema.org/CreativeWork"
    style="--metaFontFamily: "Big Shoulders Display", "Haettenschweiler", "Arial Narrow", sans-serif;--metaFontWeight: 700;--metaLetterSpacing: 0.137em;--metaLineHeight: 1.3;"
  >
     
    <a
      data-astro-cid-b4rtpqyh=""
      href="/undefined/"
      rel="permalink"
      style="--titleFontFamily: "IBM Plex Sans", "Segoe UI", Helvetica, Arial, sans-serif;--titleFontWeight: 600;--titleLineHeight: 1.3;"
    >
        
      <h3
        data-astro-cid-b4rtpqyh=""
        itemprop="headline"
        style="--titleFontFamily: "IBM Plex Sans", "Segoe UI", Helvetica, Arial, sans-serif;--titleFontWeight: 600;--titleLineHeight: 1.3;"
      >
        Test Article
      </h3>
       
    </a>
      
    <p
      data-astro-cid-k5g35gv5=""
      itemprop="description"
    />
     
  </article>
    
</li>
`;
