// Vitest Snapshot v1, https://vitest.dev/guide/snapshot.html

exports[`<Chips /> > should render 1`] = `
<ul
  class="chips"
  data-astro-cid-mh6aqaxn=""
>
   
  <li
    data-astro-cid-mh6aqaxn=""
  >
     
    <a
      data-astro-cid-mh6aqaxn=""
      href="/fi/rss.xml"
    >
       RSS-syöte 
    </a>
     
  </li>
  <li
    data-astro-cid-mh6aqaxn=""
  >
     
    <a
      data-astro-cid-mh6aqaxn=""
      href="https://bsky.app/profile/lauri.lavanti.fi"
      rel="noopener"
    >
       Bluesky 
    </a>
     
  </li>
   
</ul>
`;
