// Vitest Snapshot v1, https://vitest.dev/guide/snapshot.html

exports[`<CurriculumVitae /> > should render 1`] = `
<section
  class="plate section"
  data-astro-cid-b3zjniq2=""
  style="--groundColor: rgb(235, 235, 236);"
>
   
  <div
    class="sheet"
    data-astro-cid-b3zjniq2=""
    style="--groundColor: rgb(235, 235, 236);"
  >
     
    <div
      class="inner"
      data-astro-cid-b3zjniq2=""
      style="--groundColor: rgb(235, 235, 236);"
    >
          
      <h2
        data-astro-cid-xwk6limo=""
        style="--displayFontFamily: "Big Shoulders Display", "Haettenschweiler", "Arial Narrow", sans-serif;--displayFontWeight: 900;"
      >
        Fiduciaries
      </h2>
       
      <ul
        data-astro-cid-xwk6limo=""
        style="--displayFontFamily: "Big Shoulders Display", "Haettenschweiler", "Arial Narrow", sans-serif;--displayFontWeight: 900;"
      >
          
      </ul>
        
    </div>
     
  </div>
   
</section>
`;
