// Vitest Snapshot v1, https://vitest.dev/guide/snapshot.html

exports[`<FactsList /> > should render 1`] = `
<ul
  class="facts"
  data-astro-cid-4dazknio=""
  style="--factsFontFamily: "IBM Plex Sans", "Segoe UI", Helvetica, Arial, sans-serif;--factsFontWeight: 500;"
>
   
  <li
    data-astro-cid-4dazknio=""
    style="--factsFontFamily: "IBM Plex Sans", "Segoe UI", Helvetica, Arial, sans-serif;--factsFontWeight: 500;"
  >
    Johtava ohjelmistokehittäjä
  </li>
  <li
    data-astro-cid-4dazknio=""
    style="--factsFontFamily: "IBM Plex Sans", "Segoe UI", Helvetica, Arial, sans-serif;--factsFontWeight: 500;"
  >
    Kunnanvaltuutettu
  </li>
   
</ul>
`;
