// Vitest Snapshot v1, https://vitest.dev/guide/snapshot.html

exports[`<H3 /> > should render 1`] = `
<h3
  data-astro-cid-zfj5pejv=""
  style="--h3FontFamily: "IBM Plex Sans", Trebuchet MS;--h3FontSize: 1.5rem;--h3FontWeight: 500;--h3LineHeight: 1.2;--titleFontFamily: "IBM Plex Sans", "Segoe UI", Helvetica, Arial, sans-serif;--titleFontSize: 1.1875rem;--titleFontWeight: 600;--titleLineHeight: 1.3;"
>
   Heading 
</h3>
`;
