// Vitest Snapshot v1, https://vitest.dev/guide/snapshot.html

exports[`<HeroBanner /> > should render 1`] = `
<section
  class="hero"
  data-astro-cid-fz4dugmu=""
>
   
  <div
    class="hero-left"
    data-astro-cid-m3u6b4yh=""
  >
     
    <div
      class="bg"
      data-astro-cid-m3u6b4yh=""
    >
        
    </div>
     
    <div
      class="mark"
      data-astro-cid-m3u6b4yh=""
    >
        
      <span
        class="name-logo"
        data-astro-cid-mwv2mh63=""
        style="--firstNameFontSize: 22px;--fontFamily: "Big Shoulders Display", Trebuchet MS;--fontSize: 3rem;--fontWeight: 900;--scale: 1.94;--textColor: rgb(255, 255, 255);"
      >
        <span
          class="first-name"
          data-astro-cid-mwv2mh63=""
          style="--firstNameFontSize: 22px;--fontFamily: "Big Shoulders Display", Trebuchet MS;--fontSize: 3rem;--fontWeight: 900;--scale: 1.94;--textColor: rgb(255, 255, 255);"
        >
          Lauri
        </span>
         
        <span
          data-astro-cid-mwv2mh63=""
          style="--firstNameFontSize: 22px;--fontFamily: "Big Shoulders Display", Trebuchet MS;--fontSize: 3rem;--fontWeight: 900;--scale: 1.94;--textColor: rgb(255, 255, 255);"
        >
          Lavanti
        </span>
      </span>
       
    </div>
     
  </div>
   
  <div
    class="hero-right"
    data-astro-cid-kqfumiig=""
    style="--displayFontFamily: "Big Shoulders Display", "Haettenschweiler", "Arial Narrow", sans-serif;--displayFontWeight: 900;--displayLetterSpacing: -0.02em;--heroFootFontFamily: "IBM Plex Sans", "Segoe UI", Helvetica, Arial, sans-serif;--heroFootFontSize: 1rem;--heroFootFontWeight: 400;--heroFootLineHeight: 1.5;--heroKickerFontFamily: "Big Shoulders Display", "Haettenschweiler", "Arial Narrow", sans-serif;--heroKickerFontSize: 1rem;--heroKickerFontWeight: 700;--heroKickerLetterSpacing: 0.165em;--heroKickerLineHeight: 1.4;"
  >
     
    <div
      class="hero-kicker"
      data-astro-cid-kqfumiig=""
      style="--displayFontFamily: "Big Shoulders Display", "Haettenschweiler", "Arial Narrow", sans-serif;--displayFontWeight: 900;--displayLetterSpacing: -0.02em;--heroFootFontFamily: "IBM Plex Sans", "Segoe UI", Helvetica, Arial, sans-serif;--heroFootFontSize: 1rem;--heroFootFontWeight: 400;--heroFootLineHeight: 1.5;--heroKickerFontFamily: "Big Shoulders Display", "Haettenschweiler", "Arial Narrow", sans-serif;--heroKickerFontSize: 1rem;--heroKickerFontWeight: 700;--heroKickerLetterSpacing: 0.165em;--heroKickerLineHeight: 1.4;"
    >
         Candidacy line  
    </div>
     
    <h1
      data-astro-cid-kqfumiig=""
      style="--displayFontFamily: "Big Shoulders Display", "Haettenschweiler", "Arial Narrow", sans-serif;--displayFontWeight: 900;--displayLetterSpacing: -0.02em;--heroFootFontFamily: "IBM Plex Sans", "Segoe UI", Helvetica, Arial, sans-serif;--heroFootFontSize: 1rem;--heroFootFontWeight: 400;--heroFootLineHeight: 1.5;--heroKickerFontFamily: "Big Shoulders Display", "Haettenschweiler", "Arial Narrow", sans-serif;--heroKickerFontSize: 1rem;--heroKickerFontWeight: 700;--heroKickerLetterSpacing: 0.165em;--heroKickerLineHeight: 1.4;"
    >
       Because technology should serve 
      <em
        data-astro-cid-kqfumiig=""
        style="--displayFontFamily: "Big Shoulders Display", "Haettenschweiler", "Arial Narrow", sans-serif;--displayFontWeight: 900;--displayLetterSpacing: -0.02em;--heroFootFontFamily: "IBM Plex Sans", "Segoe UI", Helvetica, Arial, sans-serif;--heroFootFontSize: 1rem;--heroFootFontWeight: 400;--heroFootLineHeight: 1.5;--heroKickerFontFamily: "Big Shoulders Display", "Haettenschweiler", "Arial Narrow", sans-serif;--heroKickerFontSize: 1rem;--heroKickerFontWeight: 700;--heroKickerLetterSpacing: 0.165em;--heroKickerLineHeight: 1.4;"
      >
        four
      </em>
       
    </h1>
     
    <div
      class="hero-foot"
      data-astro-cid-kqfumiig=""
      style="--displayFontFamily: "Big Shoulders Display", "Haettenschweiler", "Arial Narrow", sans-serif;--displayFontWeight: 900;--displayLetterSpacing: -0.02em;--heroFootFontFamily: "IBM Plex Sans", "Segoe UI", Helvetica, Arial, sans-serif;--heroFootFontSize: 1rem;--heroFootFontWeight: 400;--heroFootLineHeight: 1.5;--heroKickerFontFamily: "Big Shoulders Display", "Haettenschweiler", "Arial Narrow", sans-serif;--heroKickerFontSize: 1rem;--heroKickerFontWeight: 700;--heroKickerLetterSpacing: 0.165em;--heroKickerLineHeight: 1.4;"
    >
       
      <p
        data-astro-cid-kqfumiig=""
        style="--displayFontFamily: "Big Shoulders Display", "Haettenschweiler", "Arial Narrow", sans-serif;--displayFontWeight: 900;--displayLetterSpacing: -0.02em;--heroFootFontFamily: "IBM Plex Sans", "Segoe UI", Helvetica, Arial, sans-serif;--heroFootFontSize: 1rem;--heroFootFontWeight: 400;--heroFootLineHeight: 1.5;--heroKickerFontFamily: "Big Shoulders Display", "Haettenschweiler", "Arial Narrow", sans-serif;--heroKickerFontSize: 1rem;--heroKickerFontWeight: 700;--heroKickerLetterSpacing: 0.165em;--heroKickerLineHeight: 1.4;"
      >
        Description sentence.
      </p>
       
      <a
        class="btn"
        data-astro-cid-kqfumiig=""
        href="#driver"
        style="--displayFontFamily: "Big Shoulders Display", "Haettenschweiler", "Arial Narrow", sans-serif;--displayFontWeight: 900;--displayLetterSpacing: -0.02em;--heroFootFontFamily: "IBM Plex Sans", "Segoe UI", Helvetica, Arial, sans-serif;--heroFootFontSize: 1rem;--heroFootFontWeight: 400;--heroFootLineHeight: 1.5;--heroKickerFontFamily: "Big Shoulders Display", "Haettenschweiler", "Arial Narrow", sans-serif;--heroKickerFontSize: 1rem;--heroKickerFontWeight: 700;--heroKickerLetterSpacing: 0.165em;--heroKickerLineHeight: 1.4;"
      >
        Explore my platform
      </a>
       
    </div>
     
  </div>
   
</section>
`;
