// Vitest Snapshot v1, https://vitest.dev/guide/snapshot.html

exports[`<SocialShare /> > should render 1`] = `
<aside
  aria-label="Kirjoituksen "Vuosi 2026 on tekoälyn" jakaminen sosiaalisessa mediassa"
  class="share"
  data-astro-cid-w7whim4q=""
>
   
  <span
    class="share-k"
    data-astro-cid-w7whim4q=""
  >
    Jaa:
  </span>
   
  <a
    aria-label="Jaa kirjoitus "Vuosi 2026 on tekoälyn" Mastodonissa"
    data-astro-cid-w7whim4q=""
    data-instance-prompt="Anna Mastodon-instanssisi (esim. mastodon.social):"
    data-share-text="Lue "Vuosi 2026 on tekoälyn", jonka @laurilavanti@mastodon.social kirjoitti

https://lavanti.fi/blogi/vuosi-2026-on-tekoalyn"
    href="https://mastodon.social/share?text=Lue%20%22Vuosi%202026%20on%20teko%C3%A4lyn%22%2C%20jonka%20%40laurilavanti%40mastodon.social%20kirjoitti%0A%0Ahttps%3A%2F%2Flavanti.fi%2Fblogi%2Fvuosi-2026-on-tekoalyn"
    id="mastodon-share"
    rel="noopener noreferrer"
    title="Jaa Mastodonissa"
  >
    
Mastodon

  </a>
   
  <a
    aria-label="Jaa kirjoitus "Vuosi 2026 on tekoälyn" Blueskyssa"
    data-astro-cid-w7whim4q=""
    href="https://bsky.app/intent/compose?text=Lue%20%22Vuosi%202026%20on%20teko%C3%A4lyn%22%2C%20jonka%20%40lauri.lavanti.fi%20kirjoitti%0A%0Ahttps%3A%2F%2Flavanti.fi%2Fblogi%2Fvuosi-2026-on-tekoalyn"
    rel="noopener noreferrer"
    title="Jaa Blueskyssa"
  >
    
Bluesky

  </a>
   
  <a
    aria-label="Jaa kirjoitus "Vuosi 2026 on tekoälyn" Threadsissä"
    data-astro-cid-w7whim4q=""
    href="https://threads.com/intent/post?text=Lue%20%22Vuosi%202026%20on%20teko%C3%A4lyn%22%2C%20jonka%20%40laurilavanti%20kirjoitti%0A%0Ahttps%3A%2F%2Flavanti.fi%2Fblogi%2Fvuosi-2026-on-tekoalyn"
    rel="noopener noreferrer"
    title="Jaa Threadsissä"
  >
    
Threads

  </a>
   
  <a
    aria-label="Jaa kirjoitus "Vuosi 2026 on tekoälyn" LinkedInissä"
    data-astro-cid-w7whim4q=""
    href="https://www.linkedin.com/sharing/share-offsite/?url=https://lavanti.fi/blogi/vuosi-2026-on-tekoalyn"
    rel="noopener noreferrer"
    title="Jaa LinkedInissä"
  >
    
LinkedIn

  </a>
   
  <a
    aria-label="Jaa kirjoitus "Vuosi 2026 on tekoälyn" Facebookissa"
    data-astro-cid-w7whim4q=""
    href="https://www.facebook.com/sharer/sharer.php?u=https://lavanti.fi/blogi/vuosi-2026-on-tekoalyn"
    rel="noopener noreferrer"
    title="Jaa Facebookissa"
  >
    
Facebook

  </a>
   
</aside>
`;
