// Vitest Snapshot v1, https://vitest.dev/guide/snapshot.html

exports[`<TitleBanner /> > should render 1`] = `
<div
  class="container"
  data-astro-cid-hws4xp7b=""
  style="--colorsForestGreen: rgb(22, 62, 53);--headerSize: 3.75rem;--sizes45: 45rem;"
>
   
  <div
    class="content"
    data-astro-cid-hws4xp7b=""
    style="--colorsForestGreen: rgb(22, 62, 53);--headerSize: 3.75rem;--sizes45: 45rem;"
  >
     
    <div
      class="title-container"
      data-astro-cid-bm76wmln=""
      style="--contentPadding: 0.5rem;--sizes05: 0.5rem;--sizes1: 1rem;--sizes5: 5rem;--sizes375: 37.5rem;"
    >
       
      <h1
        data-astro-cid-nt7ly25y=""
        style="--h1FontFamily: "Big Shoulders Display", Trebuchet MS;--h1FontSize: 3rem;--h1FontWeight: 900;--h1LineHeight: 1.2;"
      >
        Test Title
      </h1>
       
      <aside
        aria-label="Kirjoituksen Test Title meta-tiedot"
        data-astro-cid-lt3s3dwh=""
      >
         
        <time
          data-astro-cid-lt3s3dwh=""
          datetime="2026-01-01"
          style="font-size:1.875rem;line-height:1.5;font-family:"IBM Plex Sans", Trebuchet MS;font-weight:300"
        >
          01.01.2026
        </time>
           
        <ul
          class="chips"
          data-astro-cid-mh6aqaxn=""
        >
           
          <li
            data-astro-cid-mh6aqaxn=""
          >
             
            <a
              data-astro-cid-mh6aqaxn=""
              href="/fi/category/artificial-intelligence/"
            >
               Tekoäly 
            </a>
             
          </li>
           
        </ul>
         
      </aside>
       
    </div>
     
    <div
      class="image-container"
      data-astro-cid-vzrh6khd=""
    >
        
    </div>
     
  </div>
   
</div>
`;
