// Vitest Snapshot v1, https://vitest.dev/guide/snapshot.html

exports[`<VideoEmbed /> > should render 1`] = `
<div
  class="video-embed"
  data-astro-cid-2gmjvff3=""
  style="--colorsTextSecondary: #4A4E45;--fineFontFamily: "IBM Plex Sans", "Segoe UI", Helvetica, Arial, sans-serif;--fineFontSize: 0.8125rem;--fineFontWeight: 400;--fineLineHeight: 1.68;--sizes05: 0.5rem;--sizes025: 0.25rem;--sizes4: 4rem;--sizes15: 1.5rem;--sizes45: 45rem;"
>
   
  <div
    class="frame"
    data-astro-cid-2gmjvff3=""
    data-video-frame="fiLEp7wLK3I"
    style="--colorsTextSecondary: #4A4E45;--fineFontFamily: "IBM Plex Sans", "Segoe UI", Helvetica, Arial, sans-serif;--fineFontSize: 0.8125rem;--fineFontWeight: 400;--fineLineHeight: 1.68;--sizes05: 0.5rem;--sizes025: 0.25rem;--sizes4: 4rem;--sizes15: 1.5rem;--sizes45: 45rem;"
  >
      
    <button
      aria-label="Toista video: Miksi olen ehdolla?"
      class="facade"
      data-astro-cid-2gmjvff3=""
      style="--colorsTextSecondary: #4A4E45;--fineFontFamily: "IBM Plex Sans", "Segoe UI", Helvetica, Arial, sans-serif;--fineFontSize: 0.8125rem;--fineFontWeight: 400;--fineLineHeight: 1.68;--sizes05: 0.5rem;--sizes025: 0.25rem;--sizes4: 4rem;--sizes15: 1.5rem;--sizes45: 45rem;"
      type="button"
    >
       
      <span
        aria-hidden="true"
        class="glyph"
        data-astro-cid-2gmjvff3=""
        style="--colorsTextSecondary: #4A4E45;--fineFontFamily: "IBM Plex Sans", "Segoe UI", Helvetica, Arial, sans-serif;--fineFontSize: 0.8125rem;--fineFontWeight: 400;--fineLineHeight: 1.68;--sizes05: 0.5rem;--sizes025: 0.25rem;--sizes4: 4rem;--sizes15: 1.5rem;--sizes45: 45rem;"
      >
         
        <svg
          data-astro-cid-2gmjvff3=""
          fill="currentColor"
          focusable="false"
          style="--colorsTextSecondary: #4A4E45;--fineFontFamily: "IBM Plex Sans", "Segoe UI", Helvetica, Arial, sans-serif;--fineFontSize: 0.8125rem;--fineFontWeight: 400;--fineLineHeight: 1.68;--sizes05: 0.5rem;--sizes025: 0.25rem;--sizes4: 4rem;--sizes15: 1.5rem;--sizes45: 45rem;"
          viewBox="0 0 24 24"
          xmlns="http://www.w3.org/2000/svg"
        >
           
          <path
            d="M8 5v14l11-7z"
            data-astro-cid-2gmjvff3=""
            style="--colorsTextSecondary: #4A4E45;--fineFontFamily: "IBM Plex Sans", "Segoe UI", Helvetica, Arial, sans-serif;--fineFontSize: 0.8125rem;--fineFontWeight: 400;--fineLineHeight: 1.68;--sizes05: 0.5rem;--sizes025: 0.25rem;--sizes4: 4rem;--sizes15: 1.5rem;--sizes45: 45rem;"
          />
           
        </svg>
         
      </span>
       
      <span
        class="label"
        data-astro-cid-2gmjvff3=""
        style="--colorsTextSecondary: #4A4E45;--fineFontFamily: "IBM Plex Sans", "Segoe UI", Helvetica, Arial, sans-serif;--fineFontSize: 0.8125rem;--fineFontWeight: 400;--fineLineHeight: 1.68;--sizes05: 0.5rem;--sizes025: 0.25rem;--sizes4: 4rem;--sizes15: 1.5rem;--sizes45: 45rem;"
      >
        Toista video
      </span>
       
    </button>
     
  </div>
   
  <p
    class="note"
    data-astro-cid-2gmjvff3=""
    style="--colorsTextSecondary: #4A4E45;--fineFontFamily: "IBM Plex Sans", "Segoe UI", Helvetica, Arial, sans-serif;--fineFontSize: 0.8125rem;--fineFontWeight: 400;--fineLineHeight: 1.68;--sizes05: 0.5rem;--sizes025: 0.25rem;--sizes4: 4rem;--sizes15: 1.5rem;--sizes45: 45rem;"
  >
    Video toistetaan YouTubesta. Mitään ei ladata YouTubelta ennen kuin painat toistoa.
  </p>
   
</div>
`;
