// Vitest Snapshot v1, https://vitest.dev/guide/snapshot.html

exports[`<BlockQuote /> > should render 1`] = `
<blockquote
  data-astro-cid-ei6756yw=""
  style="--blockQuoteFontFamily: "IBM Plex Mono", Lucida Sans Typewriter;--blockQuoteFontSize: 1.5rem;--blockQuoteFontStyle: italic;--blockQuoteFontWeight: 400;--blockQuoteLineHeight: 1.2;"
>
   Quote text 
</blockquote>
`;
