// Vitest Snapshot v1, https://vitest.dev/guide/snapshot.html

exports[`<MobileMenu /> > should render 1`] = `
<div
  class="container"
  data-astro-cid-t7vk6yyn=""
  style="--colorsDarkGreen: #006845;--colorsDeepForest: rgb(22, 62, 53);--colorsLightSand: #E9E4D4;--contentPadding: 0.5rem;--contentSize: 75rem;--headerSize: 3.75rem;--sizes05: 0.5rem;--sizes25: 2.5rem;"
>
   
  <div
    class="brand"
    data-astro-cid-t7vk6yyn=""
    style="--colorsDarkGreen: #006845;--colorsDeepForest: rgb(22, 62, 53);--colorsLightSand: #E9E4D4;--contentPadding: 0.5rem;--contentSize: 75rem;--headerSize: 3.75rem;--sizes05: 0.5rem;--sizes25: 2.5rem;"
  >
     
    <a
      aria-current="false"
      data-astro-cid-6wv6yc2t=""
      href="/fi/"
      style="--headerSize: 3.75rem;--sizes01875: 0.1875rem;--sizes5: 5rem;--underlineColor: rgb(22, 62, 53);"
    >
       
      <span
        class="name-logo"
        data-astro-cid-mwv2mh63=""
        style="--firstNameFontSize: 10px;--fontFamily: "Big Shoulders Display", Trebuchet MS;--fontSize: 1.5rem;--fontWeight: 900;--scale: 1;--textColor: rgb(22, 62, 53);"
      >
        <span
          class="first-name"
          data-astro-cid-mwv2mh63=""
          style="--firstNameFontSize: 10px;--fontFamily: "Big Shoulders Display", Trebuchet MS;--fontSize: 1.5rem;--fontWeight: 900;--scale: 1;--textColor: rgb(22, 62, 53);"
        >
          Lauri
        </span>
         
        <span
          data-astro-cid-mwv2mh63=""
          style="--firstNameFontSize: 10px;--fontFamily: "Big Shoulders Display", Trebuchet MS;--fontSize: 1.5rem;--fontWeight: 900;--scale: 1;--textColor: rgb(22, 62, 53);"
        >
          Lavanti
        </span>
      </span>
       
    </a>
     
  </div>
   
  <div
    data-astro-cid-t7vk6yyn=""
    style="--colorsDarkGreen: #006845;--colorsDeepForest: rgb(22, 62, 53);--colorsLightSand: #E9E4D4;--contentPadding: 0.5rem;--contentSize: 75rem;--headerSize: 3.75rem;--sizes05: 0.5rem;--sizes25: 2.5rem;"
  >
     
    <button
      class="menu-btn"
      data-astro-cid-t7vk6yyn=""
      popovertarget="mobile-nav"
      style="--colorsDarkGreen: #006845;--colorsDeepForest: rgb(22, 62, 53);--colorsLightSand: #E9E4D4;--contentPadding: 0.5rem;--contentSize: 75rem;--headerSize: 3.75rem;--sizes05: 0.5rem;--sizes25: 2.5rem;"
      type="button"
    >
       Valikko 
    </button>
     
    <nav
      aria-label="Valikko"
      class="links on-dark"
      data-astro-cid-t7vk6yyn=""
      id="mobile-nav"
      popover=""
      style="--colorsDarkGreen: #006845;--colorsDeepForest: rgb(22, 62, 53);--colorsLightSand: #E9E4D4;--contentPadding: 0.5rem;--contentSize: 75rem;--headerSize: 3.75rem;--sizes05: 0.5rem;--sizes25: 2.5rem;"
    >
       
      <a
        aria-current="false"
        class="mobile nav-link"
        data-astro-cid-6pyyl7gu=""
        href="/fi/about/"
        style="--colorsAquaBlue: #BFE1DE;--colorsDarkGreen: #006845;--colorsDeepForest: rgb(22, 62, 53);--colorsLightSand: #E9E4D4;--colorsOat: #E4D77E;--colorsSand: rgb(214, 210, 196);--colorsWhite: rgb(255, 255, 255);--navFontFamily: "Big Shoulders Display", "Haettenschweiler", "Arial Narrow", sans-serif;--navFontSize: 1.125rem;--navFontWeight: 700;--navLetterSpacing: 0.055em;--navLineHeight: 1.3;--navMobileFontSize: 1.625rem;"
      >
         Laurista 
      </a>
      <a
        aria-current="false"
        class="mobile nav-link"
        data-astro-cid-6pyyl7gu=""
        href="/fi/blog/"
        style="--colorsAquaBlue: #BFE1DE;--colorsDarkGreen: #006845;--colorsDeepForest: rgb(22, 62, 53);--colorsLightSand: #E9E4D4;--colorsOat: #E4D77E;--colorsSand: rgb(214, 210, 196);--colorsWhite: rgb(255, 255, 255);--navFontFamily: "Big Shoulders Display", "Haettenschweiler", "Arial Narrow", sans-serif;--navFontSize: 1.125rem;--navFontWeight: 700;--navLetterSpacing: 0.055em;--navLineHeight: 1.3;--navMobileFontSize: 1.625rem;"
      >
         Blogi 
      </a>
       
      <div
        class="langs"
        data-astro-cid-t7vk6yyn=""
        role="group"
        style="--colorsDarkGreen: #006845;--colorsDeepForest: rgb(22, 62, 53);--colorsLightSand: #E9E4D4;--contentPadding: 0.5rem;--contentSize: 75rem;--headerSize: 3.75rem;--sizes05: 0.5rem;--sizes25: 2.5rem;"
      >
          
      </div>
       
      <div
        aria-hidden="true"
        class="menu-stripe"
        data-astro-cid-t7vk6yyn=""
        style="--colorsDarkGreen: #006845;--colorsDeepForest: rgb(22, 62, 53);--colorsLightSand: #E9E4D4;--contentPadding: 0.5rem;--contentSize: 75rem;--headerSize: 3.75rem;--sizes05: 0.5rem;--sizes25: 2.5rem;"
      >
        <i
          data-astro-cid-t7vk6yyn=""
          style="--colorsDarkGreen: #006845;--colorsDeepForest: rgb(22, 62, 53);--colorsLightSand: #E9E4D4;--contentPadding: 0.5rem;--contentSize: 75rem;--headerSize: 3.75rem;--sizes05: 0.5rem;--sizes25: 2.5rem;"
        />
        <i
          data-astro-cid-t7vk6yyn=""
          style="--colorsDarkGreen: #006845;--colorsDeepForest: rgb(22, 62, 53);--colorsLightSand: #E9E4D4;--contentPadding: 0.5rem;--contentSize: 75rem;--headerSize: 3.75rem;--sizes05: 0.5rem;--sizes25: 2.5rem;"
        />
        <i
          data-astro-cid-t7vk6yyn=""
          style="--colorsDarkGreen: #006845;--colorsDeepForest: rgb(22, 62, 53);--colorsLightSand: #E9E4D4;--contentPadding: 0.5rem;--contentSize: 75rem;--headerSize: 3.75rem;--sizes05: 0.5rem;--sizes25: 2.5rem;"
        />
        <i
          data-astro-cid-t7vk6yyn=""
          style="--colorsDarkGreen: #006845;--colorsDeepForest: rgb(22, 62, 53);--colorsLightSand: #E9E4D4;--contentPadding: 0.5rem;--contentSize: 75rem;--headerSize: 3.75rem;--sizes05: 0.5rem;--sizes25: 2.5rem;"
        />
        <i
          data-astro-cid-t7vk6yyn=""
          style="--colorsDarkGreen: #006845;--colorsDeepForest: rgb(22, 62, 53);--colorsLightSand: #E9E4D4;--contentPadding: 0.5rem;--contentSize: 75rem;--headerSize: 3.75rem;--sizes05: 0.5rem;--sizes25: 2.5rem;"
        />
      </div>
       
    </nav>
     
  </div>
   
</div>
`;
