// Vitest Snapshot v1, https://vitest.dev/guide/snapshot.html

exports[`<SkipLinks /> > should render 1`] = `
<div>
  <a
    data-astro-cid-3ix4ccgt=""
    href="#main"
    style="--rem05: 0.5rem;--zIndices100: 100;"
  >
    Siirry pääsisältöön ➡
  </a>
   
  <a
    data-astro-cid-3ix4ccgt=""
    href="#footer"
    style="--rem05: 0.5rem;--zIndices100: 100;"
  >
    Siirry alatunnisteeseen ➡
  </a>
</div>
`;
