// Vitest Snapshot v1, https://vitest.dev/guide/snapshot.html

exports[`<NewsletterProvenance /> > should render 1`] = `
<p
  class="provenance"
  data-astro-cid-3ovypd4v=""
  style="--colorsTextSecondary: #4A4E45;--fineFontFamily: "IBM Plex Sans", "Segoe UI", Helvetica, Arial, sans-serif;--fineFontSize: 0.8125rem;--fineFontWeight: 400;--fineLineHeight: 1.68;"
>
  Lähetetty tilaajille 
  <time
    data-astro-cid-3ovypd4v=""
    datetime="2026-03-14"
    style="--colorsTextSecondary: #4A4E45;--fineFontFamily: "IBM Plex Sans", "Segoe UI", Helvetica, Arial, sans-serif;--fineFontSize: 0.8125rem;--fineFontWeight: 400;--fineLineHeight: 1.68;"
  >
    14.3.2026
  </time>
  .
</p>
`;
