// Vitest Snapshot v1, https://vitest.dev/guide/snapshot.html

exports[`<NewsletterProvenance /> > should render 1`] = `
<p
  class="provenance"
  data-astro-cid-3ovypd4v=""
>
  Lähetetty tilaajille 
  <time
    data-astro-cid-3ovypd4v=""
    datetime="2026-03-14"
  >
    14.03.2026
  </time>
  .
</p>
`;
