// Vitest Snapshot v1, https://vitest.dev/guide/snapshot.html

exports[`<Banner /> > should render 1`] = `
<a
  data-astro-cid-b4rtpqyh=""
  href="/test-slug/"
  rel="permalink"
  style="--titleFontFamily: "IBM Plex Sans", "Segoe UI", Helvetica, Arial, sans-serif;--titleFontWeight: 600;--titleLineHeight: 1.3;"
>
    
  <h3
    data-astro-cid-b4rtpqyh=""
    itemprop="headline"
    style="--titleFontFamily: "IBM Plex Sans", "Segoe UI", Helvetica, Arial, sans-serif;--titleFontWeight: 600;--titleLineHeight: 1.3;"
  >
    Test Title
  </h3>
   
</a>
`;
