// Vitest Snapshot v1, https://vitest.dev/guide/snapshot.html

exports[`<MainNavigationLink /> > should render 1`] = `
<a
  aria-current="false"
  data-astro-cid-6wv6yc2t=""
  href="/fi/"
  style="--sizes01875: 0.1875rem;--sizes5: 5rem;--underlineColor: rgb(255, 255, 255);"
>
   
  <span
    class="name-logo"
    data-astro-cid-mwv2mh63=""
    style="--firstNameFontSize: 10px;--fontFamily: "Big Shoulders Display", Trebuchet MS;--fontSize: 1.5rem;--fontWeight: 900;--scale: 1;--textColor: rgb(255, 255, 255);"
  >
    <span
      class="first-name"
      data-astro-cid-mwv2mh63=""
      style="--firstNameFontSize: 10px;--fontFamily: "Big Shoulders Display", Trebuchet MS;--fontSize: 1.5rem;--fontWeight: 900;--scale: 1;--textColor: rgb(255, 255, 255);"
    >
      Lauri
    </span>
     
    <span
      data-astro-cid-mwv2mh63=""
      style="--firstNameFontSize: 10px;--fontFamily: "Big Shoulders Display", Trebuchet MS;--fontSize: 1.5rem;--fontWeight: 900;--scale: 1;--textColor: rgb(255, 255, 255);"
    >
      Lavanti
    </span>
  </span>
   
</a>
`;
