// Vitest Snapshot v1, https://vitest.dev/guide/snapshot.html

exports[`<NavigationLink /> > should render 1`] = `
<a
  aria-current="false"
  class="desktop nav-link"
  data-astro-cid-6pyyl7gu=""
  href="/fi/about/"
  style="--navFontFamily: "Big Shoulders Display", "Haettenschweiler", "Arial Narrow", sans-serif;--navFontSize: 1.125rem;--navFontWeight: 700;--navLetterSpacing: 0.055em;--navLineHeight: 1.3;--navMobileFontSize: 1.625rem;"
>
   Laurista 
</a>
`;
