// Vitest Snapshot v1, https://vitest.dev/guide/snapshot.html

exports[`<Row /> > should render 1`] = `
<li
  data-astro-cid-s7wqb6df=""
  style="--colorsGreen: #009639;--cvOrgFontFamily: "Big Shoulders Display", "Haettenschweiler", "Arial Narrow", sans-serif;--cvOrgFontWeight: 700;--cvRoleFontFamily: "IBM Plex Sans", "Segoe UI", Helvetica, Arial, sans-serif;--cvRoleFontWeight: 600;"
>
   
  <div
    data-astro-cid-s7wqb6df=""
    style="--colorsGreen: #009639;--cvOrgFontFamily: "Big Shoulders Display", "Haettenschweiler", "Arial Narrow", sans-serif;--cvOrgFontWeight: 700;--cvRoleFontFamily: "IBM Plex Sans", "Segoe UI", Helvetica, Arial, sans-serif;--cvRoleFontWeight: 600;"
  >
     
    <div
      class="cv-role"
    />
     
    <span
      class="cv-org"
    >
         · 2020– 
    </span>
     
  </div>
    
</li>
`;
