// Vitest Snapshot v1, https://vitest.dev/guide/snapshot.html

exports[`<Titles /> > should render 1`] = `
<div
  class="hero-right"
  data-astro-cid-kqfumiig=""
  style="--displayFontFamily: "Big Shoulders Display", "Haettenschweiler", "Arial Narrow", sans-serif;--displayFontWeight: 900;--displayLetterSpacing: -0.02em;--heroFootFontFamily: "IBM Plex Sans", "Segoe UI", Helvetica, Arial, sans-serif;--heroFootFontSize: 1rem;--heroFootFontWeight: 400;--heroFootLineHeight: 1.5;--heroKickerFontFamily: "Big Shoulders Display", "Haettenschweiler", "Arial Narrow", sans-serif;--heroKickerFontSize: 1rem;--heroKickerFontWeight: 700;--heroKickerLetterSpacing: 0.165em;--heroKickerLineHeight: 1.4;"
>
   
  <div
    class="hero-kicker"
    data-astro-cid-kqfumiig=""
    style="--displayFontFamily: "Big Shoulders Display", "Haettenschweiler", "Arial Narrow", sans-serif;--displayFontWeight: 900;--displayLetterSpacing: -0.02em;--heroFootFontFamily: "IBM Plex Sans", "Segoe UI", Helvetica, Arial, sans-serif;--heroFootFontSize: 1rem;--heroFootFontWeight: 400;--heroFootLineHeight: 1.5;--heroKickerFontFamily: "Big Shoulders Display", "Haettenschweiler", "Arial Narrow", sans-serif;--heroKickerFontSize: 1rem;--heroKickerFontWeight: 700;--heroKickerLetterSpacing: 0.165em;--heroKickerLineHeight: 1.4;"
  >
       Candidacy line  
  </div>
   
  <h1
    data-astro-cid-kqfumiig=""
    style="--displayFontFamily: "Big Shoulders Display", "Haettenschweiler", "Arial Narrow", sans-serif;--displayFontWeight: 900;--displayLetterSpacing: -0.02em;--heroFootFontFamily: "IBM Plex Sans", "Segoe UI", Helvetica, Arial, sans-serif;--heroFootFontSize: 1rem;--heroFootFontWeight: 400;--heroFootLineHeight: 1.5;--heroKickerFontFamily: "Big Shoulders Display", "Haettenschweiler", "Arial Narrow", sans-serif;--heroKickerFontSize: 1rem;--heroKickerFontWeight: 700;--heroKickerLetterSpacing: 0.165em;--heroKickerLineHeight: 1.4;"
  >
     Because technology should serve 
    <em
      data-astro-cid-kqfumiig=""
      style="--displayFontFamily: "Big Shoulders Display", "Haettenschweiler", "Arial Narrow", sans-serif;--displayFontWeight: 900;--displayLetterSpacing: -0.02em;--heroFootFontFamily: "IBM Plex Sans", "Segoe UI", Helvetica, Arial, sans-serif;--heroFootFontSize: 1rem;--heroFootFontWeight: 400;--heroFootLineHeight: 1.5;--heroKickerFontFamily: "Big Shoulders Display", "Haettenschweiler", "Arial Narrow", sans-serif;--heroKickerFontSize: 1rem;--heroKickerFontWeight: 700;--heroKickerLetterSpacing: 0.165em;--heroKickerLineHeight: 1.4;"
    >
      four
    </em>
     
  </h1>
   
  <div
    class="hero-foot"
    data-astro-cid-kqfumiig=""
    style="--displayFontFamily: "Big Shoulders Display", "Haettenschweiler", "Arial Narrow", sans-serif;--displayFontWeight: 900;--displayLetterSpacing: -0.02em;--heroFootFontFamily: "IBM Plex Sans", "Segoe UI", Helvetica, Arial, sans-serif;--heroFootFontSize: 1rem;--heroFootFontWeight: 400;--heroFootLineHeight: 1.5;--heroKickerFontFamily: "Big Shoulders Display", "Haettenschweiler", "Arial Narrow", sans-serif;--heroKickerFontSize: 1rem;--heroKickerFontWeight: 700;--heroKickerLetterSpacing: 0.165em;--heroKickerLineHeight: 1.4;"
  >
     
    <p
      data-astro-cid-kqfumiig=""
      style="--displayFontFamily: "Big Shoulders Display", "Haettenschweiler", "Arial Narrow", sans-serif;--displayFontWeight: 900;--displayLetterSpacing: -0.02em;--heroFootFontFamily: "IBM Plex Sans", "Segoe UI", Helvetica, Arial, sans-serif;--heroFootFontSize: 1rem;--heroFootFontWeight: 400;--heroFootLineHeight: 1.5;--heroKickerFontFamily: "Big Shoulders Display", "Haettenschweiler", "Arial Narrow", sans-serif;--heroKickerFontSize: 1rem;--heroKickerFontWeight: 700;--heroKickerLetterSpacing: 0.165em;--heroKickerLineHeight: 1.4;"
    >
      Description sentence shown under the headline.
    </p>
     
    <a
      class="btn"
      data-astro-cid-kqfumiig=""
      href="#driver"
      style="--displayFontFamily: "Big Shoulders Display", "Haettenschweiler", "Arial Narrow", sans-serif;--displayFontWeight: 900;--displayLetterSpacing: -0.02em;--heroFootFontFamily: "IBM Plex Sans", "Segoe UI", Helvetica, Arial, sans-serif;--heroFootFontSize: 1rem;--heroFootFontWeight: 400;--heroFootLineHeight: 1.5;--heroKickerFontFamily: "Big Shoulders Display", "Haettenschweiler", "Arial Narrow", sans-serif;--heroKickerFontSize: 1rem;--heroKickerFontWeight: 700;--heroKickerLetterSpacing: 0.165em;--heroKickerLineHeight: 1.4;"
    >
      Explore my platform
    </a>
     
  </div>
   
</div>
`;
